#-----------------------------------------------------------
# Vivado v2024.2 (64-bit)
# SW Build 5239630 on Fri Nov 08 22:34:34 MST 2024
# IP Build 5239520 on Sun Nov 10 16:12:51 MST 2024
# SharedData Build 5239561 on Fri Nov 08 14:39:27 MST 2024
# Start of session at: Fri Jul 18 01:27:31 2025
# Process ID         : 125090
# Current directory  : /home/muttti/123/output
# Command line       : vivado -mode batch -source vivado_generate_project.tcl
# Log file           : /home/muttti/123/output/vivado.log
# Journal file       : /home/muttti/123/output/vivado.jou
# Running On         : muttti-System-Product-Name
# Platform           : Ubuntu
# Operating System   : Ubuntu 24.04.2 LTS
# Processor Detail   : AMD Ryzen 7 7800X3D 8-Core Processor
# CPU Frequency      : 4798.899 MHz
# CPU Physical cores : 8
# CPU Logical cores  : 16
# Host memory        : 33293 MB
# Swap memory        : 8589 MB
# Total Virtual      : 41883 MB
# Available Virtual  : 38318 MB
#-----------------------------------------------------------
source vivado_generate_project.tcl
